// Jest Snapshot v1, https://goo.gl/fbAQLP

exports[`Component: ScreenError should render ScreenError 1`] = `
<div>
  <div
    class="error"
  >
    <p
      class="error-message"
    >
      Page does not exist
    </p>
  </div>
</div>
`;
