// Jest Snapshot v1, https://goo.gl/fbAQLP

exports[`Component: PegeReviews should render PegeReviews 1`] = `
<div>
  <ul
    class="review-block__list"
  >
    <li
      class="review-card"
    >
      <div
        class="review-card__head"
      >
        <p
          class="title title--h4"
        >
          Кирилл
        </p>
        <time
          class="review-card__data"
          datetime="2022-04-13"
        >
          9 July
        </time>
      </div>
      <div
        class="rate review-card__rate"
      >
        <svg
          aria-hidden="true"
          height="16"
          width="17"
        >
          <use
            xlink:href="#icon-full-star"
          />
        </svg>
        <svg
          aria-hidden="true"
          height="16"
          width="17"
        >
          <use
            xlink:href="#icon-full-star"
          />
        </svg>
        <svg
          aria-hidden="true"
          height="16"
          width="17"
        >
          <use
            xlink:href="#icon-full-star"
          />
        </svg>
        <svg
          aria-hidden="true"
          height="16"
          width="17"
        >
          <use
            xlink:href="#icon-full-star"
          />
        </svg>
        <svg
          aria-hidden="true"
          height="16"
          width="17"
        >
          <use
            xlink:href="#icon-full-star"
          />
        </svg>
        <p
          class="visually-hidden"
        >
          Оценка: 
          5
        </p>
      </div>
      <ul
        class="review-card__list"
      >
        <li
          class="item-list"
        >
          <span
            class="item-list__title"
          >
            Достоинства:
          </span>
          <p
            class="item-list__text"
          >
            Легкая в плане веса, удобная в интерфейсе
          </p>
        </li>
        <li
          class="item-list"
        >
          <span
            class="item-list__title"
          >
            Недостатки:
          </span>
          <p
            class="item-list__text"
          >
            Быстро садиться зарядка
          </p>
        </li>
        <li
          class="item-list"
        >
          <span
            class="item-list__title"
          >
            Комментарий:
          </span>
          <p
            class="item-list__text"
          >
            Это моя первая камера. Я в восторге, нареканий нет
          </p>
        </li>
      </ul>
    </li>
    <li
      class="review-card"
    >
      <div
        class="review-card__head"
      >
        <p
          class="title title--h4"
        >
          Кирилл
        </p>
        <time
          class="review-card__data"
          datetime="2022-04-13"
        >
          9 July
        </time>
      </div>
      <div
        class="rate review-card__rate"
      >
        <svg
          aria-hidden="true"
          height="16"
          width="17"
        >
          <use
            xlink:href="#icon-full-star"
          />
        </svg>
        <svg
          aria-hidden="true"
          height="16"
          width="17"
        >
          <use
            xlink:href="#icon-full-star"
          />
        </svg>
        <svg
          aria-hidden="true"
          height="16"
          width="17"
        >
          <use
            xlink:href="#icon-full-star"
          />
        </svg>
        <svg
          aria-hidden="true"
          height="16"
          width="17"
        >
          <use
            xlink:href="#icon-full-star"
          />
        </svg>
        <svg
          aria-hidden="true"
          height="16"
          width="17"
        >
          <use
            xlink:href="#icon-full-star"
          />
        </svg>
        <p
          class="visually-hidden"
        >
          Оценка: 
          5
        </p>
      </div>
      <ul
        class="review-card__list"
      >
        <li
          class="item-list"
        >
          <span
            class="item-list__title"
          >
            Достоинства:
          </span>
          <p
            class="item-list__text"
          >
            Легкая в плане веса, удобная в интерфейсе
          </p>
        </li>
        <li
          class="item-list"
        >
          <span
            class="item-list__title"
          >
            Недостатки:
          </span>
          <p
            class="item-list__text"
          >
            Быстро садиться зарядка
          </p>
        </li>
        <li
          class="item-list"
        >
          <span
            class="item-list__title"
          >
            Комментарий:
          </span>
          <p
            class="item-list__text"
          >
            Это моя первая камера. Я в восторге, нареканий нет
          </p>
        </li>
      </ul>
    </li>
    <li
      class="review-card"
    >
      <div
        class="review-card__head"
      >
        <p
          class="title title--h4"
        >
          Кирилл
        </p>
        <time
          class="review-card__data"
          datetime="2022-04-13"
        >
          9 July
        </time>
      </div>
      <div
        class="rate review-card__rate"
      >
        <svg
          aria-hidden="true"
          height="16"
          width="17"
        >
          <use
            xlink:href="#icon-full-star"
          />
        </svg>
        <svg
          aria-hidden="true"
          height="16"
          width="17"
        >
          <use
            xlink:href="#icon-full-star"
          />
        </svg>
        <svg
          aria-hidden="true"
          height="16"
          width="17"
        >
          <use
            xlink:href="#icon-full-star"
          />
        </svg>
        <svg
          aria-hidden="true"
          height="16"
          width="17"
        >
          <use
            xlink:href="#icon-full-star"
          />
        </svg>
        <svg
          aria-hidden="true"
          height="16"
          width="17"
        >
          <use
            xlink:href="#icon-full-star"
          />
        </svg>
        <p
          class="visually-hidden"
        >
          Оценка: 
          5
        </p>
      </div>
      <ul
        class="review-card__list"
      >
        <li
          class="item-list"
        >
          <span
            class="item-list__title"
          >
            Достоинства:
          </span>
          <p
            class="item-list__text"
          >
            Легкая в плане веса, удобная в интерфейсе
          </p>
        </li>
        <li
          class="item-list"
        >
          <span
            class="item-list__title"
          >
            Недостатки:
          </span>
          <p
            class="item-list__text"
          >
            Быстро садиться зарядка
          </p>
        </li>
        <li
          class="item-list"
        >
          <span
            class="item-list__title"
          >
            Комментарий:
          </span>
          <p
            class="item-list__text"
          >
            Это моя первая камера. Я в восторге, нареканий нет
          </p>
        </li>
      </ul>
    </li>
  </ul>
  <div
    class="review-block__buttons"
  >
    <button
      class="btn btn--purple"
      type="button"
    >
      Показать больше отзывов
    </button>
  </div>
</div>
`;
