// Jest Snapshot v1, https://goo.gl/fbAQLP

exports[`Component: AddProduct should render AddProduct 1`] = `
<div>
  <div
    class="modal is-active"
  >
    <div
      class="modal__wrapper"
    >
      <div
        class="modal__overlay"
      />
      <div
        class="modal__content"
      >
        <p
          class="title title--h4"
        >
          Добавить товар в корзину
        </p>
        <div
          class="basket-item basket-item--short"
        >
          <div
            class="basket-item__img"
          >
            <picture>
              <source
                src="img/content/das-auge.webp"
                srcset="img/content/das-auge@2x.webp"
                type="image/webp"
              />
              <img
                alt="Фотоаппарат «Орлёнок»"
                height="120"
                src="img/content/das-auge.jpg"
                srcset="img/content/das-auge@2x.jpg"
                width="140"
              />
            </picture>
          </div>
          <div
            class="basket-item__description"
          >
            <p
              class="basket-item__title"
            >
              Ретрокамера Dus Auge lV
            </p>
            <ul
              class="basket-item__list"
            >
              <li
                class="basket-item__list-item"
              >
                <span
                  class="basket-item__article"
                >
                  Артикул:
                </span>
                <span
                  class="basket-item__number"
                >
                  DA4IU67AD5
                </span>
              </li>
              <li
                class="basket-item__list-item"
              >
                Коллекционная
                 фотокамера
              </li>
              <li
                class="basket-item__list-item"
              >
                Нулевой
                 уровень
              </li>
            </ul>
            <p
              class="basket-item__price"
            >
              <span
                class="visually-hidden"
              >
                Цена:
              </span>
              65000
            </p>
          </div>
        </div>
        <div
          class="modal__buttons"
        >
          <button
            class="btn btn--purple modal__btn modal__btn--fit-width"
            type="button"
          >
            <svg
              aria-hidden="true"
              height="16"
              width="24"
            >
              <use
                xlink:href="#icon-add-basket"
              />
            </svg>
            Добавить в корзину
          </button>
        </div>
        <button
          aria-label="Закрыть попап"
          class="cross-btn"
          type="button"
        >
          <svg
            aria-hidden="true"
            height="10"
            width="10"
          >
            <use
              xlink:href="#icon-close"
            />
          </svg>
        </button>
      </div>
    </div>
  </div>
</div>
`;
